[2026-07-06T06:29:29Z] xApp connected to Near-RT RIC: e2_nodes_connected=1
[2026-07-06T06:29:30Z] KPM indication received: counter=1 latency_us=1783317587400780
[2026-07-06T06:29:30Z] KPM metric: DRB.PdcpSduVolumeDL = 6 [kb]
[2026-07-06T06:29:30Z] KPM metric: DRB.PdcpSduVolumeUL = 7 [kb]
[2026-07-06T06:29:30Z] KPM metric: DRB.RlcSduDelayDl = 0.00 [us]
[2026-07-06T06:29:30Z] KPM metric: DRB.UEThpDl = 7.51 [kbps]
[2026-07-06T06:29:30Z] KPM metric: DRB.UEThpUl = 9.74 [kbps]
[2026-07-06T06:29:30Z] KPM metric: RRU.PrbTotDl = 635 [PRBs]
[2026-07-06T06:29:30Z] KPM metric: RRU.PrbTotUl = 4978 [PRBs]
[2026-07-06T06:29:31Z] KPM indication received: counter=2 latency_us=1783317588392423
[2026-07-06T06:29:31Z] KPM metric: DRB.PdcpSduVolumeDL = 0 [kb]
[2026-07-06T06:29:31Z] KPM metric: DRB.PdcpSduVolumeUL = 0 [kb]
[2026-07-06T06:29:31Z] KPM metric: DRB.RlcSduDelayDl = 0.00 [us]
[2026-07-06T06:29:31Z] KPM metric: DRB.UEThpDl = 0.00 [kbps]
[2026-07-06T06:29:31Z] KPM metric: DRB.UEThpUl = 0.00 [kbps]
[2026-07-06T06:29:31Z] KPM metric: RRU.PrbTotDl = 10 [PRBs]
[2026-07-06T06:29:31Z] KPM metric: RRU.PrbTotUl = 105 [PRBs]
[2026-07-06T06:29:32Z] KPM indication received: counter=3 latency_us=1783317589396764
[2026-07-06T06:29:32Z] KPM metric: DRB.PdcpSduVolumeDL = 0 [kb]
[2026-07-06T06:29:32Z] KPM metric: DRB.PdcpSduVolumeUL = 0 [kb]
[2026-07-06T06:29:32Z] KPM metric: DRB.RlcSduDelayDl = 0.00 [us]
[2026-07-06T06:29:32Z] KPM metric: DRB.UEThpDl = 0.00 [kbps]
[2026-07-06T06:29:32Z] KPM metric: DRB.UEThpUl = 0.00 [kbps]
[2026-07-06T06:29:32Z] KPM metric: RRU.PrbTotDl = 10 [PRBs]
[2026-07-06T06:29:32Z] KPM metric: RRU.PrbTotUl = 110 [PRBs]
[2026-07-06T06:29:33Z] KPM indication received: counter=4 latency_us=1783317590396606
[2026-07-06T06:29:33Z] KPM metric: DRB.PdcpSduVolumeDL = 0 [kb]
[2026-07-06T06:29:33Z] KPM metric: DRB.PdcpSduVolumeUL = 0 [kb]
[2026-07-06T06:29:33Z] KPM metric: DRB.RlcSduDelayDl = 0.00 [us]
[2026-07-06T06:29:33Z] KPM metric: DRB.UEThpDl = 0.00 [kbps]
[2026-07-06T06:29:33Z] KPM metric: DRB.UEThpUl = 0.00 [kbps]
[2026-07-06T06:29:33Z] KPM metric: RRU.PrbTotDl = 15 [PRBs]
[2026-07-06T06:29:33Z] KPM metric: RRU.PrbTotUl = 110 [PRBs]
[2026-07-06T06:29:34Z] KPM indication received: counter=5 latency_us=1783317591396795
[2026-07-06T06:29:34Z] KPM metric: DRB.PdcpSduVolumeDL = 0 [kb]
[2026-07-06T06:29:34Z] KPM metric: DRB.PdcpSduVolumeUL = 0 [kb]
[2026-07-06T06:29:34Z] KPM metric: DRB.RlcSduDelayDl = 0.00 [us]
[2026-07-06T06:29:34Z] KPM metric: DRB.UEThpDl = 0.00 [kbps]
[2026-07-06T06:29:34Z] KPM metric: DRB.UEThpUl = 0.00 [kbps]
[2026-07-06T06:29:34Z] KPM metric: RRU.PrbTotDl = 10 [PRBs]
[2026-07-06T06:29:34Z] KPM metric: RRU.PrbTotUl = 105 [PRBs]
[2026-07-06T06:29:35Z] KPM indication received: counter=6 latency_us=1783317592392865
[2026-07-06T06:29:35Z] KPM metric: DRB.PdcpSduVolumeDL = 0 [kb]
[2026-07-06T06:29:35Z] KPM metric: DRB.PdcpSduVolumeUL = 0 [kb]
[2026-07-06T06:29:35Z] KPM metric: DRB.RlcSduDelayDl = 0.00 [us]
[2026-07-06T06:29:35Z] KPM metric: DRB.UEThpDl = 0.00 [kbps]
[2026-07-06T06:29:35Z] KPM metric: DRB.UEThpUl = 0.00 [kbps]
[2026-07-06T06:29:35Z] KPM metric: RRU.PrbTotDl = 10 [PRBs]
[2026-07-06T06:29:35Z] KPM metric: RRU.PrbTotUl = 105 [PRBs]
[2026-07-06T06:29:36Z] KPM indication received: counter=7 latency_us=1783317593394507
[2026-07-06T06:29:36Z] KPM metric: DRB.PdcpSduVolumeDL = 0 [kb]
[2026-07-06T06:29:36Z] KPM metric: DRB.PdcpSduVolumeUL = 0 [kb]
[2026-07-06T06:29:36Z] KPM metric: DRB.RlcSduDelayDl = 0.00 [us]
[2026-07-06T06:29:36Z] KPM metric: DRB.UEThpDl = 0.00 [kbps]
[2026-07-06T06:29:36Z] KPM metric: DRB.UEThpUl = 0.00 [kbps]
[2026-07-06T06:29:36Z] KPM metric: RRU.PrbTotDl = 10 [PRBs]
[2026-07-06T06:29:36Z] KPM metric: RRU.PrbTotUl = 105 [PRBs]
[2026-07-06T06:29:37Z] KPM indication received: counter=8 latency_us=1783317594397814
[2026-07-06T06:29:37Z] KPM metric: DRB.PdcpSduVolumeDL = 0 [kb]
[2026-07-06T06:29:37Z] KPM metric: DRB.PdcpSduVolumeUL = 0 [kb]
[2026-07-06T06:29:37Z] KPM metric: DRB.RlcSduDelayDl = 0.00 [us]
[2026-07-06T06:29:37Z] KPM metric: DRB.UEThpDl = 0.00 [kbps]
[2026-07-06T06:29:37Z] KPM metric: DRB.UEThpUl = 0.00 [kbps]
[2026-07-06T06:29:37Z] KPM metric: RRU.PrbTotDl = 10 [PRBs]
[2026-07-06T06:29:37Z] KPM metric: RRU.PrbTotUl = 95 [PRBs]
[2026-07-06T06:29:38Z] KPM indication received: counter=9 latency_us=1783317595395132
[2026-07-06T06:29:38Z] KPM metric: DRB.PdcpSduVolumeDL = 0 [kb]
[2026-07-06T06:29:38Z] KPM metric: DRB.PdcpSduVolumeUL = 0 [kb]
[2026-07-06T06:29:38Z] KPM metric: DRB.RlcSduDelayDl = 0.00 [us]
[2026-07-06T06:29:38Z] KPM metric: DRB.UEThpDl = 0.00 [kbps]
[2026-07-06T06:29:38Z] KPM metric: DRB.UEThpUl = 0.00 [kbps]
[2026-07-06T06:29:38Z] KPM metric: RRU.PrbTotDl = 10 [PRBs]
[2026-07-06T06:29:38Z] KPM metric: RRU.PrbTotUl = 100 [PRBs]
[2026-07-06T06:29:39Z] KPM indication received: counter=10 latency_us=1783317596395966
[2026-07-06T06:29:39Z] KPM metric: DRB.PdcpSduVolumeDL = 0 [kb]
[2026-07-06T06:29:39Z] KPM metric: DRB.PdcpSduVolumeUL = 0 [kb]
[2026-07-06T06:29:39Z] KPM metric: DRB.RlcSduDelayDl = 0.00 [us]
[2026-07-06T06:29:39Z] KPM metric: DRB.UEThpDl = 0.00 [kbps]
[2026-07-06T06:29:39Z] KPM metric: DRB.UEThpUl = 0.00 [kbps]
[2026-07-06T06:29:39Z] KPM metric: RRU.PrbTotDl = 10 [PRBs]
[2026-07-06T06:29:39Z] KPM metric: RRU.PrbTotUl = 95 [PRBs]
[2026-07-06T06:29:40Z] xApp finished collecting E2/KPM evidence
