[UTIL]: Setting the config -c file to /usr/local/etc/flexric/flexric.conf
[UTIL]: Setting path -p for the shared libraries to /usr/local/lib/flexric/
[xAapp]: Initializing ... 
[xApp]: nearRT-RIC IP Address = 127.0.0.1, PORT = 36422
[E2 AGENT]: Opening plugin from path = /usr/local/lib/flexric/libslice_sm.so 
[E2 AGENT]: Opening plugin from path = /usr/local/lib/flexric/libgtp_sm.so 
[E2 AGENT]: Opening plugin from path = /usr/local/lib/flexric/librlc_sm.so 
[E2 AGENT]: Opening plugin from path = /usr/local/lib/flexric/libtc_sm.so 
[E2 AGENT]: Opening plugin from path = /usr/local/lib/flexric/libkpm_sm.so 
[E2 AGENT]: Opening plugin from path = /usr/local/lib/flexric/librc_sm.so 
[E2 AGENT]: Opening plugin from path = /usr/local/lib/flexric/libmac_sm.so 
[E2 AGENT]: Opening plugin from path = /usr/local/lib/flexric/libpdcp_sm.so 
[NEAR-RIC]: Loading SM ID = 145 with def = SLICE_STATS_V0 
[NEAR-RIC]: Loading SM ID = 148 with def = GTP_STATS_V0 
[NEAR-RIC]: Loading SM ID = 143 with def = RLC_STATS_V0 
[NEAR-RIC]: Loading SM ID = 146 with def = TC_STATS_V0 
[NEAR-RIC]: Loading SM ID = 2 with def = ORAN-E2SM-KPM 
[NEAR-RIC]: Loading SM ID = 3 with def = ORAN-E2SM-RC 
[NEAR-RIC]: Loading SM ID = 142 with def = MAC_STATS_V0 
[NEAR-RIC]: Loading SM ID = 144 with def = PDCP_STATS_V0 
[xApp]: DB filename = /tmp/xapp_db_1782674777525056 
 [xApp]: E42 SETUP-REQUEST tx
[xApp]: E42 SETUP-RESPONSE rx 
[xApp]: xApp ID = 7 
[xApp]: Registered E2 Nodes = 1 
Connected E2 nodes = 1
[xApp]: E42 RIC SUBSCRIPTION REQUEST tx RAN_FUNC_ID 2 RIC_REQ_ID 1 
[xApp]: SUBSCRIPTION RESPONSE rx
[xApp]: Successfully subscribed to RAN_FUNC_ID 2 

      1 KPM ind_msg latency = 1782672998105131 [μs]
UE ID type = gNB, amf_ue_ngap_id = 1
ran_ue_id = 1
DRB.PdcpSduVolumeDL = 13 [kb]
DRB.PdcpSduVolumeUL = 15 [kb]
DRB.RlcSduDelayDl = 0.00 [μs]
DRB.UEThpDl = 15.02 [kbps]
DRB.UEThpUl = 19.67 [kbps]
RRU.PrbTotDl = 2083 [PRBs]
RRU.PrbTotUl = 18492 [PRBs]

      2 KPM ind_msg latency = 1782672999105634 [μs]
UE ID type = gNB, amf_ue_ngap_id = 1
ran_ue_id = 1
DRB.PdcpSduVolumeDL = 0 [kb]
DRB.PdcpSduVolumeUL = 0 [kb]
DRB.RlcSduDelayDl = 0.00 [μs]
DRB.UEThpDl = 0.00 [kbps]
DRB.UEThpUl = 0.00 [kbps]
RRU.PrbTotDl = 10 [PRBs]
RRU.PrbTotUl = 70 [PRBs]

      3 KPM ind_msg latency = 1782673000107191 [μs]
UE ID type = gNB, amf_ue_ngap_id = 1
ran_ue_id = 1
DRB.PdcpSduVolumeDL = 0 [kb]
DRB.PdcpSduVolumeUL = 0 [kb]
DRB.RlcSduDelayDl = 0.00 [μs]
DRB.UEThpDl = 0.00 [kbps]
DRB.UEThpUl = 0.00 [kbps]
RRU.PrbTotDl = 5 [PRBs]
RRU.PrbTotUl = 65 [PRBs]

      4 KPM ind_msg latency = 1782673001105349 [μs]
UE ID type = gNB, amf_ue_ngap_id = 1
ran_ue_id = 1
DRB.PdcpSduVolumeDL = 0 [kb]
DRB.PdcpSduVolumeUL = 0 [kb]
DRB.RlcSduDelayDl = 0.00 [μs]
DRB.UEThpDl = 0.00 [kbps]
DRB.UEThpUl = 0.00 [kbps]
RRU.PrbTotDl = 5 [PRBs]
RRU.PrbTotUl = 65 [PRBs]

      5 KPM ind_msg latency = 1782673002105265 [μs]
UE ID type = gNB, amf_ue_ngap_id = 1
ran_ue_id = 1
DRB.PdcpSduVolumeDL = 0 [kb]
DRB.PdcpSduVolumeUL = 0 [kb]
DRB.RlcSduDelayDl = 0.00 [μs]
DRB.UEThpDl = 0.00 [kbps]
DRB.UEThpUl = 0.00 [kbps]
RRU.PrbTotDl = 10 [PRBs]
RRU.PrbTotUl = 70 [PRBs]

      6 KPM ind_msg latency = 1782673003119118 [μs]
UE ID type = gNB, amf_ue_ngap_id = 1
ran_ue_id = 1
DRB.PdcpSduVolumeDL = 0 [kb]
DRB.PdcpSduVolumeUL = 0 [kb]
DRB.RlcSduDelayDl = 0.00 [μs]
DRB.UEThpDl = 0.00 [kbps]
DRB.UEThpUl = 0.00 [kbps]
RRU.PrbTotDl = 5 [PRBs]
RRU.PrbTotUl = 60 [PRBs]

      7 KPM ind_msg latency = 1782673004105829 [μs]
UE ID type = gNB, amf_ue_ngap_id = 1
ran_ue_id = 1
DRB.PdcpSduVolumeDL = 0 [kb]
DRB.PdcpSduVolumeUL = 0 [kb]
DRB.RlcSduDelayDl = 0.00 [μs]
DRB.UEThpDl = 0.00 [kbps]
DRB.UEThpUl = 0.00 [kbps]
RRU.PrbTotDl = 5 [PRBs]
RRU.PrbTotUl = 65 [PRBs]

      8 KPM ind_msg latency = 1782673005104492 [μs]
UE ID type = gNB, amf_ue_ngap_id = 1
ran_ue_id = 1
DRB.PdcpSduVolumeDL = 0 [kb]
DRB.PdcpSduVolumeUL = 0 [kb]
DRB.RlcSduDelayDl = 0.00 [μs]
DRB.UEThpDl = 0.00 [kbps]
DRB.UEThpUl = 0.00 [kbps]
RRU.PrbTotDl = 10 [PRBs]
RRU.PrbTotUl = 70 [PRBs]

      9 KPM ind_msg latency = 1782673006103978 [μs]
UE ID type = gNB, amf_ue_ngap_id = 1
ran_ue_id = 1
DRB.PdcpSduVolumeDL = 0 [kb]
DRB.PdcpSduVolumeUL = 0 [kb]
DRB.RlcSduDelayDl = 0.00 [μs]
DRB.UEThpDl = 0.00 [kbps]
DRB.UEThpUl = 0.00 [kbps]
RRU.PrbTotDl = 5 [PRBs]
RRU.PrbTotUl = 75 [PRBs]
[xApp]: E42 RIC_SUBSCRIPTION_DELETE_REQUEST tx RAN_FUNC_ID 2 RIC_REQ_ID 1 

     10 KPM ind_msg latency = 1782673007108164 [μs]
UE ID type = gNB, amf_ue_ngap_id = 1
ran_ue_id = 1
DRB.PdcpSduVolumeDL = 0 [kb]
DRB.PdcpSduVolumeUL = 0 [kb]
DRB.RlcSduDelayDl = 0.00 [μs]
DRB.UEThpDl = 0.00 [kbps]
DRB.UEThpUl = 0.00 [kbps]
RRU.PrbTotDl = 10 [PRBs]
RRU.PrbTotUl = 75 [PRBs]
[xApp]: E42 SUBSCRIPTION DELETE RESPONSE rx
[xApp]: Sucessfully stopped 
Test xApp run SUCCESSFULLY
